Microchip MPLAB XC8 Compiler V2.30

Linker command line:

-W-3 --edf=C:\Program Files\Microchip\xc8\v2.30\pic\dat\en_msgs.txt -cn \
  -h+dist/default/production\ProjetoFinal.X.production.sym \
  --cmf=dist/default/production\ProjetoFinal.X.production.cmf -z -Q18F4520 \
  -oC:\Users\Mathe\AppData\Local\Temp\sgt0x2 --defsym=__MPLAB_BUILD=1 \
  -Mdist/default/production/ProjetoFinal.X.production.map -E1 \
  -ver=XC8 Compiler --acfsm=1493 -ASTACK=080h-05FFh -pstack=STACK \
  -ACODE=00h-07FFFh -ACONST=00h-07FFFh -ASMALLCONST=0600h-06FFhx122 \
  -AMEDIUMCONST=0600h-07FFFh -ACOMRAM=01h-07Fh -AABS1=00h-05FFh \
  -ABIGRAM=01h-05FFh -ARAM=080h-0FFh,0100h-01FFhx5 -ABANK0=080h-0FFh \
  -ABANK1=0100h-01FFh -ABANK2=0200h-02FFh -ABANK3=0300h-03FFh \
  -ABANK4=0400h-04FFh -ABANK5=0500h-05FFh -ASFR=0F80h-0FFFh \
  -ACONFIG=0300000h-030000Dh -AIDLOC=0200000h-0200007h \
  -AEEDATA=0F00000h-0F000FFh -peeprom_data=EEDATA \
  -preset_vec=00h,intcode,intcodelo,powerup,init -pramtop=0600h \
  -psmallconst=SMALLCONST -pmediumconst=MEDIUMCONST -pconst=CONST \
  -AFARRAM=00h-00h \
  -prdata=COMRAM,nvrram=COMRAM,nvbit=COMRAM,rbss=COMRAM,rbit=COMRAM \
  -pfarbss=FARRAM,fardata=FARRAM,nvFARRAM=FARRAM \
  -pintsave_regs=BIGRAM,bigbss=BIGRAM,bigdata=BIGRAM -pbss=RAM \
  -pidata=CODE,irdata=CODE,ibigdata=CODE,ifardata=CODE -prparam=COMRAM \
  C:\Users\Mathe\AppData\Local\Temp\sgt0x8.o \
  dist/default/production\ProjetoFinal.X.production.o 

Object code version is 3.11

Machine type is 18F4520



                Name                               Link     Load   Length Selector   Space Scale
C:\Users\Mathe\AppData\Local\Temp\sgt0x8.o
                idloc                            200000   200000        8        0       5
                config                           300000   300000        E        0       4
                init                                  0        0        4        0       0
dist/default/production\ProjetoFinal.X.production.o
                idloc                            200000   200000        8        0       5
                config                           300000   300000        E        0       4
                smallconst                          600      600       AA      300       0
                text19                             1752     1752       12      355       0
                text18                             14C0     14C0       82      355       0
                text17                             1774     1774       10      355       0
                text16                             1764     1764       10      355       0
                text15                             1684     1684       5C      355       0
                text14                             15BA     15BA       68      355       0
                text13                             17A2     17A2        8      355       0
                text12                             170E     170E       2E      355       0
                text11                             16E0     16E0       2E      355       0
                text10                             1542     1542       78      355       0
                text9                               FD6      FD6      1DC      355       0
                text8                              11B2     11B2      1B2      355       0
                text7                              179A     179A        8      355       0
                text6                              1622     1622       62      355       0
                text5                              1784     1784        C      355       0
                text4                              1790     1790        A      355       0
                text3                              1364     1364       D8      355       0
                text2                              143C     143C       84      355       0
                text1                               D8A      D8A      24C      355       0
                text0                               6AA      6AA      6E0      355       0
                cstackCOMRAM                         23       23       22        1       1
                bssCOMRAM                             1        1       22        1       1
                cinit                              173C     173C       16      355       0

TOTAL           Name                               Link     Load   Length     Space
        CLASS   STACK          

        CLASS   CODE           
                init                                  0        0        4         0
                text19                             1752     1752       12         0
                text18                             14C0     14C0       82         0
                text17                             1774     1774       10         0
                text16                             1764     1764       10         0
                text15                             1684     1684       5C         0
                text14                             15BA     15BA       68         0
                text13                             17A2     17A2        8         0
                text12                             170E     170E       2E         0
                text11                             16E0     16E0       2E         0
                text10                             1542     1542       78         0
                text9                               FD6      FD6      1DC         0
                text8                              11B2     11B2      1B2         0
                text7                              179A     179A        8         0
                text6                              1622     1622       62         0
                text5                              1784     1784        C         0
                text4                              1790     1790        A         0
                text3                              1364     1364       D8         0
                text2                              143C     143C       84         0
                text1                               D8A      D8A      24C         0
                text0                               6AA      6AA      6E0         0
                cinit                              173C     173C       16         0

        CLASS   CONST          

        CLASS   SMALLCONST     
                smallconst                          600      600       AA         0

        CLASS   MEDIUMCONST    

        CLASS   COMRAM         
                cstackCOMRAM                         23       23       22         1
                bssCOMRAM                             1        1       22         1

        CLASS   ABS1           

        CLASS   BIGRAM         

        CLASS   RAM            

        CLASS   BANK0          

        CLASS   BANK1          

        CLASS   BANK2          

        CLASS   BANK3          

        CLASS   BANK4          

        CLASS   BANK5          

        CLASS   SFR            

        CLASS   CONFIG         
                config                           300000   300000        E         4

        CLASS   IDLOC          
                idloc                            200000   200000        8         5

        CLASS   EEDATA         

        CLASS   FARRAM         



SEGMENTS        Name                           Load    Length   Top    Selector   Space  Class

                reset_vec                      000000  000004  000004         0       0  CODE    
                bssCOMRAM                      000001  000044  000045         1       1  COMRAM  
                smallconst                     000600  0000AA  0006AA       300       0  SMALLCON
                text0                          0006AA  001100  0017AA       355       0  CODE    


UNUSED ADDRESS RANGES

        Name                Unused          Largest block    Delta
        BANK0            000080-0000FF               80
        BANK1            000100-0001FF              100
        BANK2            000200-0002FF              100
        BANK3            000300-0003FF              100
        BANK4            000400-0004FF              100
        BANK5            000500-0005FF              100
        BIGRAM           000045-0005FF              5BB
        CODE             000004-0005FF              5FC
                         0017AA-007FFF             6856
        COMRAM           000045-00007F               3B
        CONST            000004-0005FF              5FC
                         0017AA-007FFF             6856
        EEDATA           F00000-F000FF              100
        MEDIUMCONST      0017AA-007FFF             6856
        RAM              000080-0005FF              100
        SFR              000F80-000FFF               80
        SMALLCONST       0017AA-007FFF              100
        STACK            000080-0005FF              580

                                  Symbol Table

?_escolha                cstackCOMRAM 00002D
_ADCON0                  (abs)        000FC2
_ADCON0bits              (abs)        000FC2
_ADCON1                  (abs)        000FC1
_ADCON2                  (abs)        000FC0
_ADRESH                  (abs)        000FC4
_ADRESL                  (abs)        000FC3
_PORTB                   (abs)        000F81
_PORTBbits               (abs)        000F81
_PORTCbits               (abs)        000F82
_PORTD                   (abs)        000F83
_PORTDbits               (abs)        000F83
_PORTEbits               (abs)        000F84
_TRISA                   (abs)        000F92
_TRISB                   (abs)        000F93
_TRISC                   (abs)        000F94
_TRISCbits               (abs)        000F94
_TRISD                   (abs)        000F95
_TRISE                   (abs)        000F96
_TRISEbits               (abs)        000F96
__HRAM                   (abs)        000000
__Habs1                  abs1         000000
__Hbank0                 bank0        000000
__Hbank1                 bank1        000000
__Hbank2                 bank2        000000
__Hbank3                 bank3        000000
__Hbank4                 bank4        000000
__Hbank5                 bank5        000000
__Hbigbss                bigbss       000000
__Hbigdata               bigdata      000000
__Hbigram                bigram       000000
__Hbss                   bss          000000
__HbssCOMRAM             bssCOMRAM    000000
__Hcinit                 cinit        000000
__Hclrtext               clrtext      000000
__Hcomram                comram       000000
__Hconfig                config       30000E
__Hconst                 const        000000
__HcstackCOMRAM          cstackCOMRAM 000000
__Hdata                  data         000000
__Heeprom_data           eeprom_data  000000
__Hfarbss                farbss       000000
__Hfardata               fardata      000000
__Hibigdata              ibigdata     000000
__Hidata                 idata        000000
__Hidloc                 idloc        200008
__Hifardata              ifardata     000000
__Hinit                  init         000004
__Hintcode               intcode      000000
__Hintcode_body          intcode_body 000000
__Hintcodelo             intcodelo    000000
__Hintentry              intentry     000000
__Hintret                intret       000000
__Hintsave_regs          intsave_regs 000000
__Hirdata                irdata       000000
__Hmediumconst           mediumconst  000000
__HnvFARRAM              nvFARRAM     000000
__Hnvbit                 nvbit        000000
__Hnvrram                nvrram       000000
__Hparam                 rparam       000000
__Hpowerup               powerup      000000
__Hram                   ram          000000
__Hramtop                ramtop       000600
__Hrbit                  rbit         000000
__Hrbss                  rbss         000000
__Hrdata                 rdata        000000
__Hreset_vec             reset_vec    000000
__Hrparam                rparam       000000
__Hsfr                   sfr          000000
__Hsmallconst            smallconst   0006AA
__Hspace_0               (abs)        0017AA
__Hspace_1               (abs)        000045
__Hspace_2               (abs)        000000
__Hspace_4               (abs)        60000E
__Hstack                 stack        000000
__Hstruct                struct       000000
__Htemp                  temp         000000
__Htext                  text         000000
__Htext0                 text0        000000
__Htext1                 text1        000000
__Htext10                text10       000000
__Htext11                text11       000000
__Htext12                text12       000000
__Htext13                text13       000000
__Htext14                text14       000000
__Htext15                text15       000000
__Htext16                text16       000000
__Htext17                text17       000000
__Htext18                text18       000000
__Htext19                text19       000000
__Htext2                 text2        000000
__Htext3                 text3        000000
__Htext4                 text4        000000
__Htext5                 text5        000000
__Htext6                 text6        000000
__Htext7                 text7        000000
__Htext8                 text8        000000
__Htext9                 text9        000000
__LRAM                   (abs)        000001
__Labs1                  abs1         000000
__Lbank0                 bank0        000000
__Lbank1                 bank1        000000
__Lbank2                 bank2        000000
__Lbank3                 bank3        000000
__Lbank4                 bank4        000000
__Lbank5                 bank5        000000
__Lbigbss                bigbss       000000
__Lbigdata               bigdata      000000
__Lbigram                bigram       000000
__Lbss                   bss          000000
__LbssCOMRAM             bssCOMRAM    000000
__Lcinit                 cinit        000000
__Lclrtext               clrtext      000000
__Lcomram                comram       000000
__Lconfig                config       000000
__Lconst                 const        000000
__LcstackCOMRAM          cstackCOMRAM 000000
__Ldata                  data         000000
__Leeprom_data           eeprom_data  000000
__Lfarbss                farbss       000000
__Lfardata               fardata      000000
__Libigdata              ibigdata     000000
__Lidata                 idata        000000
__Lidloc                 idloc        000000
__Lifardata              ifardata     000000
__Linit                  init         000000
__Lintcode               intcode      000000
__Lintcode_body          intcode_body 000000
__Lintcodelo             intcodelo    000000
__Lintentry              intentry     000000
__Lintret                intret       000000
__Lintsave_regs          intsave_regs 000000
__Lirdata                irdata       000000
__Lmediumconst           mediumconst  000000
__LnvFARRAM              nvFARRAM     000000
__Lnvbit                 nvbit        000000
__Lnvrram                nvrram       000000
__Lparam                 rparam       000000
__Lpowerup               powerup      000000
__Lram                   ram          000000
__Lramtop                ramtop       000600
__Lrbit                  rbit         000000
__Lrbss                  rbss         000000
__Lrdata                 rdata        000000
__Lreset_vec             reset_vec    000000
__Lrparam                rparam       000000
__Lsfr                   sfr          000000
__Lsmallconst            smallconst   000600
__Lspace_0               (abs)        000000
__Lspace_1               (abs)        000000
__Lspace_2               (abs)        000000
__Lspace_4               (abs)        000000
__Lstack                 stack        000000
__Lstruct                struct       000000
__Ltemp                  temp         000000
__Ltext                  text         000000
__Ltext0                 text0        000000
__Ltext1                 text1        000000
__Ltext10                text10       000000
__Ltext11                text11       000000
__Ltext12                text12       000000
__Ltext13                text13       000000
__Ltext14                text14       000000
__Ltext15                text15       000000
__Ltext16                text16       000000
__Ltext17                text17       000000
__Ltext18                text18       000000
__Ltext19                text19       000000
__Ltext2                 text2        000000
__Ltext3                 text3        000000
__Ltext4                 text4        000000
__Ltext5                 text5        000000
__Ltext6                 text6        000000
__Ltext7                 text7        000000
__Ltext8                 text8        000000
__Ltext9                 text9        000000
__S0                     (abs)        0017AA
__S1                     (abs)        000045
__S2                     (abs)        000000
__S4                     (abs)        000000
__S5                     (abs)        000000
___inthi_sp              stack        000000
___intlo_sp              stack        000000
___param_bank            (abs)        000000
___rparam_used           (abs)        000001
___sp                    stack        000000
__accesstop              (abs)        000080
__activetblptr           (abs)        000002
__end_of__initialization cinit        001748
__end_of_delay           text19       001764
__end_of_e2pext_r        text14       001622
__end_of_e2pext_w        text2        0014C0
__end_of_escolha         text8        001364
__end_of_getd            text5        001790
__end_of_getu            text4        00179A
__end_of_i2c_init        text7        0017A2
__end_of_i2c_rb          text18       001542
__end_of_i2c_start       text17       001784
__end_of_i2c_stop        text16       001774
__end_of_i2c_wb          text15       0016E0
__end_of_lcd_cmd         text12       00173C
__end_of_lcd_dat         text11       00170E
__end_of_lcd_init        text6        001684
__end_of_lcd_str         text10       0015BA
__end_of_lcd_wr          text13       0017AA
__end_of_linha           smallconst   000605
__end_of_main            text0        000D8A
__end_of_rtc_r           text3        00143C
__end_of_tc_tecla        text9        0011B2
__end_of_trocarSenha     text1        000FD6
__initialization         cinit        00173C
__mediumconst            mediumconst  000000
__pbssCOMRAM             bssCOMRAM    000001
__pcinit                 cinit        00173C
__pcstackCOMRAM          cstackCOMRAM 000023
__psmallconst            smallconst   000600
__ptext0                 text0        0006AA
__ptext1                 text1        000D8A
__ptext10                text10       001542
__ptext11                text11       0016E0
__ptext12                text12       00170E
__ptext13                text13       0017A2
__ptext14                text14       0015BA
__ptext15                text15       001684
__ptext16                text16       001764
__ptext17                text17       001774
__ptext18                text18       0014C0
__ptext19                text19       001752
__ptext2                 text2        00143C
__ptext3                 text3        001364
__ptext4                 text4        001790
__ptext5                 text5        001784
__ptext6                 text6        001622
__ptext7                 text7        00179A
__ptext8                 text8        0011B2
__ptext9                 text9        000FD6
__ramtop                 ramtop       000600
__size_of_delay          (abs)        000000
__size_of_e2pext_r       (abs)        000000
__size_of_e2pext_w       (abs)        000000
__size_of_escolha        (abs)        000000
__size_of_getd           (abs)        000000
__size_of_getu           (abs)        000000
__size_of_i2c_init       (abs)        000000
__size_of_i2c_rb         (abs)        000000
__size_of_i2c_start      (abs)        000000
__size_of_i2c_stop       (abs)        000000
__size_of_i2c_wb         (abs)        000000
__size_of_lcd_cmd        (abs)        000000
__size_of_lcd_dat        (abs)        000000
__size_of_lcd_init       (abs)        000000
__size_of_lcd_str        (abs)        000000
__size_of_lcd_wr         (abs)        000000
__size_of_main           (abs)        000000
__size_of_rtc_r          (abs)        000000
__size_of_tc_tecla       (abs)        000000
__size_of_trocarSenha    (abs)        000000
__smallconst             smallconst   000600
_cond                    bssCOMRAM    000015
_date                    bssCOMRAM    00000B
_delay                   text19       001752
_e2pext_r                text14       0015BA
_e2pext_w                text2        00143C
_escolha                 text8        0011B2
_est                     bssCOMRAM    000017
_getd                    text5        001784
_getu                    text4        001790
_i2c_init                text7        00179A
_i2c_rb                  text18       0014C0
_i2c_start               text17       001774
_i2c_stop                text16       001764
_i2c_wb                  text15       001684
_lcd_cmd                 text12       00170E
_lcd_dat                 text11       0016E0
_lcd_init                text6        001622
_lcd_str                 text10       001542
_lcd_wr                  text13       0017A2
_linha                   smallconst   000601
_main                    text0        0006AA
_novo                    bssCOMRAM    000001
_rtc_r                   text3        001364
_tc_tecla                text9        000FD6
_time                    bssCOMRAM    000019
_trocarSenha             text1        000D8A
e2pext_r@addr            cstackCOMRAM 000028
e2pext_r@ah              cstackCOMRAM 00002C
e2pext_r@al              cstackCOMRAM 00002B
e2pext_r@ret             cstackCOMRAM 00002A
e2pext_w@addr            cstackCOMRAM 00002D
e2pext_w@ah              cstackCOMRAM 000032
e2pext_w@al              cstackCOMRAM 000033
e2pext_w@nt              cstackCOMRAM 000034
e2pext_w@tmp             cstackCOMRAM 000035
e2pext_w@val             cstackCOMRAM 00002F
end_of_initialization    cinit        001748
escolha@cont             cstackCOMRAM 000036
escolha@i                cstackCOMRAM 000037
escolha@senha            cstackCOMRAM 000031
escolha@tmp              cstackCOMRAM 000038
getd@nn                  cstackCOMRAM 000023
getu@nn                  cstackCOMRAM 000023
i2c_rb@ack               cstackCOMRAM 000025
i2c_rb@i                 cstackCOMRAM 000027
i2c_rb@ret               cstackCOMRAM 000026
i2c_wb@i                 cstackCOMRAM 000026
i2c_wb@val               cstackCOMRAM 000025
intlevel0                text         000000
intlevel1                text         000000
intlevel2                text         000000
intlevel3                text         000000
lcd_cmd@val              cstackCOMRAM 000025
lcd_dat@val              cstackCOMRAM 000025
lcd_str@i                cstackCOMRAM 00002A
lcd_str@str              cstackCOMRAM 000026
lcd_wr@val               cstackCOMRAM 000023
main@opc                 cstackCOMRAM 000041
main@temp                cstackCOMRAM 000043
rtc_r@tmp                cstackCOMRAM 000028
stackhi                  (abs)        0005FF
stacklo                  (abs)        000080
start                    init         000000
start_initialization     cinit        00173C
tc_tecla@i               cstackCOMRAM 00002A
tc_tecla@ret             cstackCOMRAM 000029
tc_tecla@timeout         cstackCOMRAM 000027
tc_tecla@tmp             cstackCOMRAM 000026
tc_tecla@to              cstackCOMRAM 000024
trocarSenha@cont         cstackCOMRAM 00003E
trocarSenha@i            cstackCOMRAM 00003F
trocarSenha@senha        cstackCOMRAM 000039
trocarSenha@tmp          cstackCOMRAM 000040


FUNCTION INFORMATION:

 *************** function _main *****************
 Defined at:
		line 11 in file "principal.c"
 Parameters:    Size  Location     Type
		None
 Auto vars:     Size  Location     Type
  temp            2   32[COMRAM] unsigned int 
  opc             2   30[COMRAM] unsigned int 
 Return value:  Size  Location     Type
                  1    wreg      void 
 Registers used:
		wreg, fsr0l, fsr0h, fsr2l, fsr2h, status,2, status,0, tblptrl, tblptrh, tblptru, cstack
 Tracked objects:
		On entry : 
		On exit  : 
		Unchanged: 
 Data sizes:     COMRAM   BANK0   BANK1   BANK2   BANK3   BANK4   BANK5
      Params:         0       0       0       0       0       0       0
      Locals:         4       0       0       0       0       0       0
      Temps:          0       0       0       0       0       0       0
      Totals:         4       0       0       0       0       0       0
Total ram usage:        4 bytes
 Hardware stack levels required when called:    5
 This function calls:
		_escolha
		_i2c_init
		_lcd_cmd
		_lcd_init
		_lcd_str
		_rtc_r
		_trocarSenha
 This function is called by:
		Startup code after reset
 This function uses a non-reentrant model


 *************** function _trocarSenha *****************
 Defined at:
		line 277 in file "principal.c"
 Parameters:    Size  Location     Type
		None
 Auto vars:     Size  Location     Type
  senha           5   22[COMRAM] unsigned char [5]
  tmp             1   29[COMRAM] unsigned char 
  i               1   28[COMRAM] unsigned char 
  cont            1   27[COMRAM] unsigned char 
 Return value:  Size  Location     Type
                  1    wreg      void 
 Registers used:
		wreg, fsr0l, fsr0h, fsr2l, fsr2h, status,2, status,0, tblptrl, tblptrh, tblptru, cstack
 Tracked objects:
		On entry : 
		On exit  : 
		Unchanged: 
 Data sizes:     COMRAM   BANK0   BANK1   BANK2   BANK3   BANK4   BANK5
      Params:         0       0       0       0       0       0       0
      Locals:         8       0       0       0       0       0       0
      Temps:          2       0       0       0       0       0       0
      Totals:        10       0       0       0       0       0       0
Total ram usage:       10 bytes
 Hardware stack levels used:    1
 Hardware stack levels required when called:    4
 This function calls:
		_e2pext_r
		_e2pext_w
		_lcd_cmd
		_lcd_dat
		_lcd_str
		_tc_tecla
 This function is called by:
		_main
 This function uses a non-reentrant model


 *************** function _e2pext_w *****************
 Defined at:
		line 130 in file "./i2c.h"
 Parameters:    Size  Location     Type
  addr            2   10[COMRAM] unsigned int 
  val             1   12[COMRAM] unsigned char 
 Auto vars:     Size  Location     Type
  tmp             2   18[COMRAM] unsigned int 
  nt              1   17[COMRAM] unsigned char 
  al              1   16[COMRAM] unsigned char 
  ah              1   15[COMRAM] unsigned char 
 Return value:  Size  Location     Type
                  1    wreg      void 
 Registers used:
		wreg, status,2, status,0, cstack
 Tracked objects:
		On entry : 
		On exit  : 
		Unchanged: 
 Data sizes:     COMRAM   BANK0   BANK1   BANK2   BANK3   BANK4   BANK5
      Params:         3       0       0       0       0       0       0
      Locals:         5       0       0       0       0       0       0
      Temps:          2       0       0       0       0       0       0
      Totals:        10       0       0       0       0       0       0
Total ram usage:       10 bytes
 Hardware stack levels used:    1
 Hardware stack levels required when called:    3
 This function calls:
		_e2pext_r
		_i2c_start
		_i2c_stop
		_i2c_wb
 This function is called by:
		_trocarSenha
 This function uses a non-reentrant model


 *************** function _rtc_r *****************
 Defined at:
		line 16 in file "./rtc.h"
 Parameters:    Size  Location     Type
		None
 Auto vars:     Size  Location     Type
  tmp             1    5[COMRAM] unsigned char 
 Return value:  Size  Location     Type
                  1    wreg      void 
 Registers used:
		wreg, status,2, status,0, cstack
 Tracked objects:
		On entry : 
		On exit  : 
		Unchanged: 
 Data sizes:     COMRAM   BANK0   BANK1   BANK2   BANK3   BANK4   BANK5
      Params:         0       0       0       0       0       0       0
      Locals:         1       0       0       0       0       0       0
      Temps:          0       0       0       0       0       0       0
      Totals:         1       0       0       0       0       0       0
Total ram usage:        1 bytes
 Hardware stack levels used:    1
 Hardware stack levels required when called:    2
 This function calls:
		_getd
		_getu
		_i2c_rb
		_i2c_start
		_i2c_stop
		_i2c_wb
 This function is called by:
		_main
 This function uses a non-reentrant model


 *************** function _getu *****************
 Defined at:
		line 10 in file "./rtc.h"
 Parameters:    Size  Location     Type
  nn              1    wreg     unsigned char 
 Auto vars:     Size  Location     Type
  nn              1    0[COMRAM] unsigned char 
 Return value:  Size  Location     Type
                  1    wreg      unsigned char 
 Registers used:
		wreg, status,2, status,0
 Tracked objects:
		On entry : 
		On exit  : 
		Unchanged: 
 Data sizes:     COMRAM   BANK0   BANK1   BANK2   BANK3   BANK4   BANK5
      Params:         0       0       0       0       0       0       0
      Locals:         1       0       0       0       0       0       0
      Temps:          0       0       0       0       0       0       0
      Totals:         1       0       0       0       0       0       0
Total ram usage:        1 bytes
 Hardware stack levels used:    1
 This function calls:
		Nothing
 This function is called by:
		_rtc_r
 This function uses a non-reentrant model


 *************** function _getd *****************
 Defined at:
		line 5 in file "./rtc.h"
 Parameters:    Size  Location     Type
  nn              1    wreg     unsigned char 
 Auto vars:     Size  Location     Type
  nn              1    0[COMRAM] unsigned char 
 Return value:  Size  Location     Type
                  1    wreg      unsigned char 
 Registers used:
		wreg, status,2, status,0
 Tracked objects:
		On entry : 
		On exit  : 
		Unchanged: 
 Data sizes:     COMRAM   BANK0   BANK1   BANK2   BANK3   BANK4   BANK5
      Params:         0       0       0       0       0       0       0
      Locals:         1       0       0       0       0       0       0
      Temps:          0       0       0       0       0       0       0
      Totals:         1       0       0       0       0       0       0
Total ram usage:        1 bytes
 Hardware stack levels used:    1
 This function calls:
		Nothing
 This function is called by:
		_rtc_r
 This function uses a non-reentrant model


 *************** function _lcd_init *****************
 Defined at:
		line 57 in file "lcd.c"
 Parameters:    Size  Location     Type
		None
 Auto vars:     Size  Location     Type
		None
 Return value:  Size  Location     Type
                  1    wreg      void 
 Registers used:
		wreg, status,2, cstack
 Tracked objects:
		On entry : 
		On exit  : 
		Unchanged: 
 Data sizes:     COMRAM   BANK0   BANK1   BANK2   BANK3   BANK4   BANK5
      Params:         0       0       0       0       0       0       0
      Locals:         0       0       0       0       0       0       0
      Temps:          1       0       0       0       0       0       0
      Totals:         1       0       0       0       0       0       0
Total ram usage:        1 bytes
 Hardware stack levels used:    1
 Hardware stack levels required when called:    2
 This function calls:
		_lcd_cmd
 This function is called by:
		_main
 This function uses a non-reentrant model


 *************** function _i2c_init *****************
 Defined at:
		line 20 in file "./i2c.h"
 Parameters:    Size  Location     Type
		None
 Auto vars:     Size  Location     Type
		None
 Return value:  Size  Location     Type
                  1    wreg      void 
 Registers used:
		None
 Tracked objects:
		On entry : 
		On exit  : 
		Unchanged: 
 Data sizes:     COMRAM   BANK0   BANK1   BANK2   BANK3   BANK4   BANK5
      Params:         0       0       0       0       0       0       0
      Locals:         0       0       0       0       0       0       0
      Temps:          0       0       0       0       0       0       0
      Totals:         0       0       0       0       0       0       0
Total ram usage:        0 bytes
 Hardware stack levels used:    1
 This function calls:
		Nothing
 This function is called by:
		_main
 This function uses a non-reentrant model


 *************** function _escolha *****************
 Defined at:
		line 220 in file "principal.c"
 Parameters:    Size  Location     Type
		None
 Auto vars:     Size  Location     Type
  senha           5   14[COMRAM] unsigned char [5]
  tmp             1   21[COMRAM] unsigned char 
  i               1   20[COMRAM] unsigned char 
  cont            1   19[COMRAM] unsigned char 
 Return value:  Size  Location     Type
                  2   10[COMRAM] int 
 Registers used:
		wreg, fsr0l, fsr0h, fsr2l, fsr2h, status,2, status,0, tblptrl, tblptrh, tblptru, cstack
 Tracked objects:
		On entry : 
		On exit  : 
		Unchanged: 
 Data sizes:     COMRAM   BANK0   BANK1   BANK2   BANK3   BANK4   BANK5
      Params:         2       0       0       0       0       0       0
      Locals:         8       0       0       0       0       0       0
      Temps:          2       0       0       0       0       0       0
      Totals:        12       0       0       0       0       0       0
Total ram usage:       12 bytes
 Hardware stack levels used:    1
 Hardware stack levels required when called:    3
 This function calls:
		_e2pext_r
		_lcd_cmd
		_lcd_dat
		_lcd_str
		_tc_tecla
 This function is called by:
		_main
 This function uses a non-reentrant model


 *************** function _tc_tecla *****************
 Defined at:
		line 34 in file "teclado.c"
 Parameters:    Size  Location     Type
		None
 Auto vars:     Size  Location     Type
  timeout         2    4[COMRAM] unsigned int 
  to              2    1[COMRAM] unsigned int 
  i               1    7[COMRAM] unsigned char 
  ret             1    6[COMRAM] unsigned char 
  tmp             1    3[COMRAM] unsigned char 
 Return value:  Size  Location     Type
                  1    wreg      unsigned char 
 Registers used:
		wreg, status,2, status,0, tblptrl, tblptrh, tblptru
 Tracked objects:
		On entry : 
		On exit  : 
		Unchanged: 
 Data sizes:     COMRAM   BANK0   BANK1   BANK2   BANK3   BANK4   BANK5
      Params:         0       0       0       0       0       0       0
      Locals:         7       0       0       0       0       0       0
      Temps:          1       0       0       0       0       0       0
      Totals:         8       0       0       0       0       0       0
Total ram usage:        8 bytes
 Hardware stack levels used:    1
 This function calls:
		Nothing
 This function is called by:
		_escolha
		_trocarSenha
 This function uses a non-reentrant model


 *************** function _lcd_str *****************
 Defined at:
		line 76 in file "lcd.c"
 Parameters:    Size  Location     Type
  str             2    3[COMRAM] PTR const unsigned char 
		 -> STR_30(18), STR_29(2), STR_28(6), STR_27(13), 
		 -> STR_26(2), STR_25(8), STR_24(13), STR_23(1), 
		 -> STR_22(18), STR_21(1), STR_20(16), STR_19(2), 
		 -> STR_18(16), STR_17(9), STR_16(9), STR_15(8), 
		 -> STR_14(8), STR_13(9), STR_12(2), STR_11(7), 
		 -> STR_10(17), STR_9(9), STR_8(9), STR_7(8), 
		 -> STR_6(8), STR_5(9), STR_4(2), STR_3(7), 
		 -> STR_2(1), STR_1(17), time(10), 
 Auto vars:     Size  Location     Type
  i               1    7[COMRAM] unsigned char 
 Return value:  Size  Location     Type
                  1    wreg      void 
 Registers used:
		wreg, fsr0l, fsr0h, status,2, status,0, tblptrl, tblptrh, tblptru, cstack
 Tracked objects:
		On entry : 
		On exit  : 
		Unchanged: 
 Data sizes:     COMRAM   BANK0   BANK1   BANK2   BANK3   BANK4   BANK5
      Params:         2       0       0       0       0       0       0
      Locals:         1       0       0       0       0       0       0
      Temps:          2       0       0       0       0       0       0
      Totals:         5       0       0       0       0       0       0
Total ram usage:        5 bytes
 Hardware stack levels used:    1
 Hardware stack levels required when called:    2
 This function calls:
		_lcd_dat
 This function is called by:
		_main
		_escolha
		_trocarSenha
 This function uses a non-reentrant model


 *************** function _lcd_dat *****************
 Defined at:
		line 46 in file "lcd.c"
 Parameters:    Size  Location     Type
  val             1    wreg     unsigned char 
 Auto vars:     Size  Location     Type
  val             1    2[COMRAM] unsigned char 
 Return value:  Size  Location     Type
                  1    wreg      void 
 Registers used:
		wreg, status,2, cstack
 Tracked objects:
		On entry : 
		On exit  : 
		Unchanged: 
 Data sizes:     COMRAM   BANK0   BANK1   BANK2   BANK3   BANK4   BANK5
      Params:         0       0       0       0       0       0       0
      Locals:         1       0       0       0       0       0       0
      Temps:          1       0       0       0       0       0       0
      Totals:         2       0       0       0       0       0       0
Total ram usage:        2 bytes
 Hardware stack levels used:    1
 Hardware stack levels required when called:    1
 This function calls:
		_lcd_wr
 This function is called by:
		_lcd_str
		_escolha
		_trocarSenha
 This function uses a non-reentrant model


 *************** function _lcd_cmd *****************
 Defined at:
		line 35 in file "lcd.c"
 Parameters:    Size  Location     Type
  val             1    wreg     unsigned char 
 Auto vars:     Size  Location     Type
  val             1    2[COMRAM] unsigned char 
 Return value:  Size  Location     Type
                  1    wreg      void 
 Registers used:
		wreg, status,2, cstack
 Tracked objects:
		On entry : 
		On exit  : 
		Unchanged: 
 Data sizes:     COMRAM   BANK0   BANK1   BANK2   BANK3   BANK4   BANK5
      Params:         0       0       0       0       0       0       0
      Locals:         1       0       0       0       0       0       0
      Temps:          1       0       0       0       0       0       0
      Totals:         2       0       0       0       0       0       0
Total ram usage:        2 bytes
 Hardware stack levels used:    1
 Hardware stack levels required when called:    1
 This function calls:
		_lcd_wr
 This function is called by:
		_lcd_init
		_main
		_escolha
		_trocarSenha
 This function uses a non-reentrant model


 *************** function _lcd_wr *****************
 Defined at:
		line 30 in file "lcd.c"
 Parameters:    Size  Location     Type
  val             1    wreg     unsigned char 
 Auto vars:     Size  Location     Type
  val             1    0[COMRAM] unsigned char 
 Return value:  Size  Location     Type
                  1    wreg      void 
 Registers used:
		wreg
 Tracked objects:
		On entry : 
		On exit  : 
		Unchanged: 
 Data sizes:     COMRAM   BANK0   BANK1   BANK2   BANK3   BANK4   BANK5
      Params:         0       0       0       0       0       0       0
      Locals:         1       0       0       0       0       0       0
      Temps:          0       0       0       0       0       0       0
      Totals:         1       0       0       0       0       0       0
Total ram usage:        1 bytes
 Hardware stack levels used:    1
 This function calls:
		Nothing
 This function is called by:
		_lcd_cmd
		_lcd_dat
 This function uses a non-reentrant model


 *************** function _e2pext_r *****************
 Defined at:
		line 94 in file "./i2c.h"
 Parameters:    Size  Location     Type
  addr            2    5[COMRAM] unsigned int 
 Auto vars:     Size  Location     Type
  ah              1    9[COMRAM] unsigned char 
  al              1    8[COMRAM] unsigned char 
  ret             1    7[COMRAM] unsigned char 
 Return value:  Size  Location     Type
                  1    wreg      unsigned char 
 Registers used:
		wreg, status,2, status,0, cstack
 Tracked objects:
		On entry : 
		On exit  : 
		Unchanged: 
 Data sizes:     COMRAM   BANK0   BANK1   BANK2   BANK3   BANK4   BANK5
      Params:         2       0       0       0       0       0       0
      Locals:         3       0       0       0       0       0       0
      Temps:          0       0       0       0       0       0       0
      Totals:         5       0       0       0       0       0       0
Total ram usage:        5 bytes
 Hardware stack levels used:    1
 Hardware stack levels required when called:    2
 This function calls:
		_i2c_rb
		_i2c_start
		_i2c_stop
		_i2c_wb
 This function is called by:
		_e2pext_w
		_escolha
		_trocarSenha
 This function uses a non-reentrant model


 *************** function _i2c_wb *****************
 Defined at:
		line 45 in file "./i2c.h"
 Parameters:    Size  Location     Type
  val             1    wreg     unsigned char 
 Auto vars:     Size  Location     Type
  val             1    2[COMRAM] unsigned char 
  i               1    3[COMRAM] unsigned char 
 Return value:  Size  Location     Type
                  1    wreg      void 
 Registers used:
		wreg, status,2, status,0, cstack
 Tracked objects:
		On entry : 
		On exit  : 
		Unchanged: 
 Data sizes:     COMRAM   BANK0   BANK1   BANK2   BANK3   BANK4   BANK5
      Params:         0       0       0       0       0       0       0
      Locals:         2       0       0       0       0       0       0
      Temps:          2       0       0       0       0       0       0
      Totals:         4       0       0       0       0       0       0
Total ram usage:        4 bytes
 Hardware stack levels used:    1
 Hardware stack levels required when called:    1
 This function calls:
		_delay
 This function is called by:
		_e2pext_r
		_e2pext_w
		_rtc_r
 This function uses a non-reentrant model


 *************** function _i2c_stop *****************
 Defined at:
		line 36 in file "./i2c.h"
 Parameters:    Size  Location     Type
		None
 Auto vars:     Size  Location     Type
		None
 Return value:  Size  Location     Type
                  1    wreg      void 
 Registers used:
		cstack
 Tracked objects:
		On entry : 
		On exit  : 
		Unchanged: 
 Data sizes:     COMRAM   BANK0   BANK1   BANK2   BANK3   BANK4   BANK5
      Params:         0       0       0       0       0       0       0
      Locals:         0       0       0       0       0       0       0
      Temps:          0       0       0       0       0       0       0
      Totals:         0       0       0       0       0       0       0
Total ram usage:        0 bytes
 Hardware stack levels used:    1
 Hardware stack levels required when called:    1
 This function calls:
		_delay
 This function is called by:
		_e2pext_r
		_e2pext_w
		_rtc_r
 This function uses a non-reentrant model


 *************** function _i2c_start *****************
 Defined at:
		line 27 in file "./i2c.h"
 Parameters:    Size  Location     Type
		None
 Auto vars:     Size  Location     Type
		None
 Return value:  Size  Location     Type
                  1    wreg      void 
 Registers used:
		cstack
 Tracked objects:
		On entry : 
		On exit  : 
		Unchanged: 
 Data sizes:     COMRAM   BANK0   BANK1   BANK2   BANK3   BANK4   BANK5
      Params:         0       0       0       0       0       0       0
      Locals:         0       0       0       0       0       0       0
      Temps:          0       0       0       0       0       0       0
      Totals:         0       0       0       0       0       0       0
Total ram usage:        0 bytes
 Hardware stack levels used:    1
 Hardware stack levels required when called:    1
 This function calls:
		_delay
 This function is called by:
		_e2pext_r
		_e2pext_w
		_rtc_r
 This function uses a non-reentrant model


 *************** function _i2c_rb *****************
 Defined at:
		line 63 in file "./i2c.h"
 Parameters:    Size  Location     Type
  ack             1    wreg     unsigned char 
 Auto vars:     Size  Location     Type
  ack             1    2[COMRAM] unsigned char 
  i               1    4[COMRAM] unsigned char 
  ret             1    3[COMRAM] unsigned char 
 Return value:  Size  Location     Type
                  1    wreg      unsigned char 
 Registers used:
		wreg, status,2, status,0, cstack
 Tracked objects:
		On entry : 
		On exit  : 
		Unchanged: 
 Data sizes:     COMRAM   BANK0   BANK1   BANK2   BANK3   BANK4   BANK5
      Params:         0       0       0       0       0       0       0
      Locals:         3       0       0       0       0       0       0
      Temps:          2       0       0       0       0       0       0
      Totals:         5       0       0       0       0       0       0
Total ram usage:        5 bytes
 Hardware stack levels used:    1
 Hardware stack levels required when called:    1
 This function calls:
		_delay
 This function is called by:
		_e2pext_r
		_rtc_r
 This function uses a non-reentrant model


 *************** function _delay *****************
 Defined at:
		line 8 in file "./i2c.h"
 Parameters:    Size  Location     Type
		None
 Auto vars:     Size  Location     Type
		None
 Return value:  Size  Location     Type
                  1    wreg      void 
 Registers used:
		None
 Tracked objects:
		On entry : 
		On exit  : 
		Unchanged: 
 Data sizes:     COMRAM   BANK0   BANK1   BANK2   BANK3   BANK4   BANK5
      Params:         0       0       0       0       0       0       0
      Locals:         0       0       0       0       0       0       0
      Temps:          0       0       0       0       0       0       0
      Totals:         0       0       0       0       0       0       0
Total ram usage:        0 bytes
 Hardware stack levels used:    1
 This function calls:
		Nothing
 This function is called by:
		_i2c_start
		_i2c_stop
		_i2c_wb
		_i2c_rb
 This function uses a non-reentrant model



MODULE INFORMATION

Module		Function		Class		Link	Load	Size
principal.c
		_trocarSenha   		CODE           	0D8A	0000	588
		_main          		CODE           	06AA	0000	1760
		_escolha       		CODE           	11B2	0000	434

principal.c estimated size: 2782

./rtc.h
		_getu          		CODE           	1790	0000	10
		_rtc_r         		CODE           	1364	0000	216
		_getd          		CODE           	1784	0000	12

./rtc.h estimated size: 238

teclado.c
		_tc_tecla      		CODE           	0FD6	0000	476

teclado.c estimated size: 476

shared
		__initialization		CODE           	173C	0000	12
		_linha         		SMALLCONST     	0601	0000	4

shared estimated size: 16

lcd.c
		_lcd_cmd       		CODE           	170E	0000	46
		_lcd_dat       		CODE           	16E0	0000	46
		_lcd_wr        		CODE           	17A2	0000	8
		_lcd_str       		CODE           	1542	0000	120
		_lcd_init      		CODE           	1622	0000	98

lcd.c estimated size: 318

./i2c.h
		_i2c_rb        		CODE           	14C0	0000	130
		_delay         		CODE           	1752	0000	18
		_i2c_start     		CODE           	1774	0000	16
		_e2pext_r      		CODE           	15BA	0000	104
		_e2pext_w      		CODE           	143C	0000	132
		_i2c_stop      		CODE           	1764	0000	16
		_i2c_init      		CODE           	179A	0000	8
		_i2c_wb        		CODE           	1684	0000	92

./i2c.h estimated size: 516

